08:01:02 | === D5 density wall (image postgres:18.4, shared_buffers=4GB pinned) ===
08:01:02 | --- A300: maxc=300 pool=8 N=24 (MemAvailable 49GB) ---
08:01:22 |   24/24 kine listening
08:02:29 |   conns=120 pg_rss=692.6MiB kine_rss=1.0GB err=0.00% rate=240/s p99=35ms (json from 24 tenants)
08:02:32 | --- A300: maxc=300 pool=8 N=40 (MemAvailable 50GB) ---
08:02:53 |   40/40 kine listening
08:04:00 |   conns=204 pg_rss=1.009GiB kine_rss=1.7GB err=0.00% rate=400/s p99=47ms (json from 40 tenants)
08:04:02 | --- B800: maxc=800 pool=8 N=100 (MemAvailable 50GB) ---
08:04:25 |   100/100 kine listening
08:05:34 |   conns=514 pg_rss=2.303GiB kine_rss=4.1GB err=0.00% rate=1000/s p99=56ms (json from 100 tenants)
08:05:37 | --- C2000: maxc=2000 pool=8 N=250 (MemAvailable 50GB) ---
08:06:20 |   250/250 kine listening
08:07:28 |   conns=1289 pg_rss=5.596GiB kine_rss=10.4GB err=0.00% rate=2499/s p99=72ms (json from 250 tenants)
08:07:31 | --- D4000: maxc=4000 pool=8 N=500 (MemAvailable 51GB) ---
08:08:42 |   500/500 kine listening
08:09:57 |   conns=3006 pg_rss=12.31GiB kine_rss=20.7GB err=0.00% rate=4961/s p99=224ms (json from 500 tenants)
08:10:01 | --- E2600: maxc=2600 pool=4 N=500 (MemAvailable 51GB) ---
08:11:43 |   500/500 kine listening
08:12:55 |   conns=2592 pg_rss=11.05GiB kine_rss=20.8GB err=4.17% rate=4080/s p99=1701ms (json from 500 tenants)
08:12:58 | === D5 complete ===
config  maxc  pool  N    started  conns  pg_rss_gb  kine_rss_gb  err_pct  rate_total  p99_ms  mem_avail_gb  note
A300    300   8     24   24       120    692.6MiB   1.0          0.00     240         35      48            -
A300    300   8     40   40       204    1.009GiB   1.7          0.00     400         47      48            -
B800    800   8     100  100      514    2.303GiB   4.1          0.00     1000        56      45            -
C2000   2000  8     250  250      1289   5.596GiB   10.4         0.00     2499        72      39            -
D4000   4000  8     500  500      3006   12.31GiB   20.7         0.00     4961        224     25            -
E2600   2600  4     500  500      2592   11.05GiB   20.8         4.17     4080        1701    27            -
